
> @ice-truck/dashboard@2.0.0 test:e2e:light C:\Projects\Ice-truck-racking\dashboard
> pnpm exec playwright test --config=playwright.light.config.ts


Running 114 tests using 1 worker

  -    1 [light-chromium] › e2e\cinematic-gateway.spec.ts:20:7 › Cinematic Gateway Transition › should display global WebGL canvas behind DOM
  -    2 [light-chromium] › e2e\cinematic-gateway.spec.ts:27:7 › Cinematic Gateway Transition › should trigger transition when clicking dashboard button
  -    3 [light-chromium] › e2e\cinematic-gateway.spec.ts:42:7 › Cinematic Gateway Transition › should navigate to dashboard after transition
  -    4 [light-chromium] › e2e\cinematic-gateway.spec.ts:58:7 › Cinematic Gateway Transition › should maintain canvas during resize
  -    5 [light-chromium] › e2e\cinematic-gateway.spec.ts:68:7 › Cinematic Gateway Transition › should return to landing page when navigating back
  ✓    6 [light-chromium] › e2e\dashboard-features.spec.ts:54:7 › Dashboard feature polish › toggles Live Fleet and Historical Heatmap modes (6.4s)
  ✓    7 [light-chromium] › e2e\dashboard-features.spec.ts:87:7 › Dashboard feature polish › shows offline fallback banner when browser goes offline (4.2s)
  ✓    8 [light-chromium] › e2e\dashboard.spec.ts:66:7 › Dashboard — Page Load › should load dashboard page with correct URL (1.1s)
  ✓    9 [light-chromium] › e2e\dashboard.spec.ts:71:7 › Dashboard — Page Load › should render the page body (2.9s)
  ✓   10 [light-chromium] › e2e\dashboard.spec.ts:76:7 › Dashboard — Page Load › should display the <main> content area (1.1s)
  ✓   11 [light-chromium] › e2e\dashboard.spec.ts:82:7 › Dashboard — Page Load › page title should contain "Ice Truck" (3.0s)
  ✓   12 [light-chromium] › e2e\dashboard.spec.ts:100:7 › Dashboard — Header › should display the sticky header (5.4s)
  ✓   13 [light-chromium] › e2e\dashboard.spec.ts:105:7 › Dashboard — Header › should show "Cryogenic Mission Console" title (5.9s)
  ✓   14 [light-chromium] › e2e\dashboard.spec.ts:111:7 › Dashboard — Header › should show "Fleet Sentinel Grid" subtitle (4.8s)
  ✘   15 [light-chromium] › e2e\dashboard.spec.ts:117:7 › Dashboard — Header › should display API status indicator (23.7s)
  ✓   16 [light-chromium] › e2e\dashboard.spec.ts:139:7 › Dashboard — Controls › should display time range selector buttons (5.4s)
  ✓   17 [light-chromium] › e2e\dashboard.spec.ts:147:7 › Dashboard — Controls › time range button should be clickable (7.8s)
  ✓   18 [light-chromium] › e2e\dashboard.spec.ts:155:7 › Dashboard — Controls › should display theme selector buttons (6.1s)
  ✓   19 [light-chromium] › e2e\dashboard.spec.ts:164:7 › Dashboard — Controls › should display refresh speed selector (4.5s)
  ✓   20 [light-chromium] › e2e\dashboard.spec.ts:184:7 › Dashboard — Metrics › should display metric cards for key KPIs (5.7s)
  ✓   21 [light-chromium] › e2e\dashboard.spec.ts:199:7 › Dashboard — Metrics › should display additional metrics after hydration (5.3s)
  ✓   22 [light-chromium] › e2e\dashboard.spec.ts:216:7 › Dashboard — Metrics › should show status pills (Last updated / operational) (4.3s)
  ✓   23 [light-chromium] › e2e\dashboard.spec.ts:239:7 › Dashboard — Charts › should display Revenue Trend Analysis section (5.4s)
  ✓   24 [light-chromium] › e2e\dashboard.spec.ts:245:7 › Dashboard — Charts › should display Fleet Activity & Efficiency section (6.0s)
  ✓   25 [light-chromium] › e2e\dashboard.spec.ts:253:7 › Dashboard — Charts › should display Cargo Temperature Distribution section (4.7s)
  ✓   26 [light-chromium] › e2e\dashboard.spec.ts:261:7 › Dashboard — Charts › should display Alert Timeline section (4.6s)
  ✓   27 [light-chromium] › e2e\dashboard.spec.ts:267:7 › Dashboard — Charts › should display Performance Metrics section (4.7s)
  ✓   28 [light-chromium] › e2e\dashboard.spec.ts:275:7 › Dashboard — Charts › should display System Health Monitor section (4.6s)
  ✓   29 [light-chromium] › e2e\dashboard.spec.ts:294:7 › Dashboard — Toolbar › should have grid toggle button (3.8s)
  ✓   30 [light-chromium] › e2e\dashboard.spec.ts:299:7 › Dashboard — Toolbar › should have 3D toggle button (5.6s)
  ✓   31 [light-chromium] › e2e\dashboard.spec.ts:304:7 › Dashboard — Toolbar › should have pause/resume button (5.4s)
  ✓   32 [light-chromium] › e2e\dashboard.spec.ts:309:7 › Dashboard — Toolbar › should have alerts button (5.7s)
  ✓   33 [light-chromium] › e2e\dashboard.spec.ts:314:7 › Dashboard — Toolbar › should have download report button (5.0s)
  ✓   34 [light-chromium] › e2e\dashboard.spec.ts:332:7 › Dashboard — Interactions › should toggle grid overlay when grid button is clicked (12.0s)
  ✓   35 [light-chromium] › e2e\dashboard.spec.ts:342:7 › Dashboard — Interactions › should toggle pause state when pause button is clicked (6.8s)
  ✘   36 [light-chromium] › e2e\dashboard.spec.ts:354:7 › Dashboard — Interactions › search input should be visible and typeable (desktop) (23.7s)
  ✓   37 [light-chromium] › e2e\dashboard.spec.ts:380:7 › Dashboard — Responsive › should render on mobile viewport (3.1s)
  ✓   38 [light-chromium] › e2e\dashboard.spec.ts:388:7 › Dashboard — Responsive › should render on tablet viewport (4.1s)
  ✓   39 [light-chromium] › e2e\dashboard.spec.ts:397:7 › Dashboard — Responsive › header should remain visible after scrolling (6.2s)
  ✓   40 [light-chromium] › e2e\dashboard.spec.ts:416:7 › Dashboard — Auth Middleware › should redirect to /login when no auth cookie is set (704ms)
  ✓   41 [light-chromium] › e2e\dashboard.spec.ts:424:7 › Dashboard — Auth Middleware › should load dashboard when auth cookie is present (3.7s)
  ✓   42 [light-chromium] › e2e\dashboard.spec.ts:444:7 › Dashboard — Accessibility › should have lang attribute on html (1.1s)
  ✓   43 [light-chromium] › e2e\dashboard.spec.ts:450:7 › Dashboard — Accessibility › should have at least one heading (5.6s)
  ✓   44 [light-chromium] › e2e\dashboard.spec.ts:458:7 › Dashboard — Accessibility › interactive elements should be keyboard-focusable (5.5s)
  ✓   45 [light-chromium] › e2e\landing.spec.ts:77:7 › Navigation › should display the brand logo and name (1.6s)
  ✘   46 [light-chromium] › e2e\landing.spec.ts:82:7 › Navigation › should show "Open Dashboard" link in navbar (desktop) (17.8s)
  -   47 [light-chromium] › e2e\landing.spec.ts:101:7 › Navigation › should contain Features, Performance and Tech Stack nav links (desktop)
  -   48 [light-chromium] › e2e\landing.spec.ts:116:7 › Navigation › nav links should have correct href anchors
  -   49 [light-chromium] › e2e\landing.spec.ts:131:7 › Navigation › navbar should be sticky and visible after scrolling
  ✓   50 [light-chromium] › e2e\landing.spec.ts:155:7 › Hero Section › should display the main heading (h1) (1.6s)
  ✓   51 [light-chromium] › e2e\landing.spec.ts:161:7 › Hero Section › should show gradient-highlighted text "Real-Time Fleet Command" (1.8s)
  ✓   52 [light-chromium] › e2e\landing.spec.ts:169:7 › Hero Section › should display the hero subtitle (2.2s)
  ✓   53 [light-chromium] › e2e\landing.spec.ts:175:7 › Hero Section › should show the mission telemetry badge (2.3s)
  ✓   54 [light-chromium] › e2e\landing.spec.ts:181:7 › Hero Section › should have a "Live Dashboard" CTA button linking to /dashboard (2.3s)
  ✓   55 [light-chromium] › e2e\landing.spec.ts:191:7 › Hero Section › should have a visible "Login" CTA linking to /dashboard (2.3s)
  ✓   56 [light-chromium] › e2e\landing.spec.ts:213:7 › Stats Section › should display all four stat values (2.1s)
  ✓   57 [light-chromium] › e2e\landing.spec.ts:222:7 › Stats Section › should show stat labels (2.1s)
  ✓   58 [light-chromium] › e2e\landing.spec.ts:246:7 › Features Section › should display the features section heading (2.2s)
  ✓   59 [light-chromium] › e2e\landing.spec.ts:256:7 › Features Section › should render all 6 feature cards (2.3s)
  ✓   60 [light-chromium] › e2e\landing.spec.ts:273:7 › Features Section › each feature card should have a description (2.4s)
  ✓   61 [light-chromium] › e2e\landing.spec.ts:302:7 › Tech Stack Section › should display the tech stack heading (2.4s)
  ✓   62 [light-chromium] › e2e\landing.spec.ts:310:7 › Tech Stack Section › should list core technologies (2.4s)
  ✓   63 [light-chromium] › e2e\landing.spec.ts:344:7 › CTA Section › should display "Ready to Track?" heading (2.0s)
  ✓   64 [light-chromium] › e2e\landing.spec.ts:350:7 › CTA Section › should have a "Launch Dashboard" button (2.3s)
  ✓   65 [light-chromium] › e2e\landing.spec.ts:356:7 › CTA Section › should mention Docker Compose in CTA description (2.3s)
  ✓   66 [light-chromium] › e2e\landing.spec.ts:373:7 › Footer › should display copyright with current year (686ms)
  ✓   67 [light-chromium] › e2e\landing.spec.ts:381:7 › Footer › should include GitHub link in footer (624ms)
  ✓   68 [light-chromium] › e2e\landing.spec.ts:393:7 › Responsive Design › hero heading should be visible at 375×812 (iPhone SE) (1.5s)
  ✓   69 [light-chromium] › e2e\landing.spec.ts:404:7 › Responsive Design › hero heading should be visible at 768×1024 (iPad) (1.6s)
  ✓   70 [light-chromium] › e2e\landing.spec.ts:415:7 › Responsive Design › features section should be visible on all viewports (4.9s)
